
EnvironmentLocationNotFound: Not a conda environment: /users/sc23ksk/nonaga-algorithm/conda_env

Defaulting to user installation because normal site-packages is not writeable
Requirement already satisfied: Cython==3.2.4 in /users/sc23ksk/.local/lib/python3.12/site-packages (from -r requirements.txt (line 1)) (3.2.4)
Requirement already satisfied: pygame==2.6.1 in /users/sc23ksk/.local/lib/python3.12/site-packages (from -r requirements.txt (line 2)) (2.6.1)
Requirement already satisfied: setuptools==82.0.1 in /users/sc23ksk/.local/lib/python3.12/site-packages (from -r requirements.txt (line 3)) (82.0.1)
Requirement already satisfied: snakeviz==2.2.2 in /users/sc23ksk/.local/lib/python3.12/site-packages (from -r requirements.txt (line 4)) (2.2.2)
Requirement already satisfied: tornado==6.5.4 in /users/sc23ksk/.local/lib/python3.12/site-packages (from -r requirements.txt (line 5)) (6.5.4)
Starting tournament setup...
Loaded 7 AI parameters from /users/sc23ksk/nonaga-algorithm/parameters.json.
Running 42 total matches...

Match: AI 0 vs AI 1 ...
 -> AI 1 Wins!
Match: AI 0 vs AI 2 ...
 -> AI 2 Wins!
Match: AI 0 vs AI 3 ...
 -> AI 0 Wins!
Match: AI 0 vs AI 4 ...
 -> AI 0 Wins!
Match: AI 0 vs AI 5 ...
 -> AI 0 Wins!
Match: AI 0 vs AI 6 ...
 -> AI 0 Wins!
Match: AI 1 vs AI 0 ...
 -> AI 0 Wins!
Match: AI 1 vs AI 2 ...
 -> AI 2 Wins!
Match: AI 1 vs AI 3 ...
 -> AI 1 Wins!
Match: AI 1 vs AI 4 ...
 -> AI 1 Wins!
Match: AI 1 vs AI 5 ...
 -> AI 1 Wins!
Match: AI 1 vs AI 6 ...
 -> AI 1 Wins!
Match: AI 2 vs AI 0 ...
 -> AI 0 Wins!
Match: AI 2 vs AI 1 ...
 -> AI 1 Wins!
Match: AI 2 vs AI 3 ...
 -> AI 2 Wins!
Match: AI 2 vs AI 4 ...
 -> AI 4 Wins!
Match: AI 2 vs AI 5 ...
 -> AI 5 Wins!
Match: AI 2 vs AI 6 ...
 -> AI 6 Wins!
Match: AI 3 vs AI 0 ...
 -> AI 0 Wins!
Match: AI 3 vs AI 1 ...
 -> AI 1 Wins!
Match: AI 3 vs AI 2 ...
 -> AI 2 Wins!
Match: AI 3 vs AI 4 ...
 -> AI 4 Wins!
Match: AI 3 vs AI 5 ...
 -> AI 5 Wins!
Match: AI 3 vs AI 6 ...
 -> AI 6 Wins!
Match: AI 4 vs AI 0 ...
 -> AI 0 Wins!
Match: AI 4 vs AI 1 ...
 -> AI 1 Wins!
Match: AI 4 vs AI 2 ...
 -> AI 2 Wins!
Match: AI 4 vs AI 3 ...
 -> AI 4 Wins!
Match: AI 4 vs AI 5 ...
 -> Draw / Timeout
Match: AI 4 vs AI 6 ...
 -> Draw / Timeout
Match: AI 5 vs AI 0 ...
 -> AI 0 Wins!
Match: AI 5 vs AI 1 ...
 -> AI 1 Wins!
Match: AI 5 vs AI 2 ...
 -> AI 2 Wins!
Match: AI 5 vs AI 3 ...
 -> AI 5 Wins!
Match: AI 5 vs AI 4 ...
 -> AI 5 Wins!
Match: AI 5 vs AI 6 ...
 -> AI 5 Wins!
Match: AI 6 vs AI 0 ...
 -> AI 0 Wins!
Match: AI 6 vs AI 1 ...
 -> AI 1 Wins!
Match: AI 6 vs AI 2 ...
 -> AI 2 Wins!
Match: AI 6 vs AI 3 ...
 -> AI 6 Wins!
Match: AI 6 vs AI 4 ...
 -> AI 6 Wins!
Match: AI 6 vs AI 5 ...
 -> AI 6 Wins!

Tournament complete! Results successfully logged to tournament_results.csv.
